<!DOCTYPE html>
<html lang="kr">
<head>
    <meta charset="UTF-8">
    <meta http-equiv="X-UA-Compatible" content="IE=edge">
    <meta name="viewport" content="width=device-width, initial-scale=1.0">
    <meta http-equiv="refresh" content="2;url=https://open.kakao.com/o/sUlUnkYe">
    <title>골든모바일</title>
</head>
<body>
    <style>
        body,html {margin:0;padding:0;}
        #wrap {margin:0;padding:0;text-align:center;}
        #wrap img {max-width:100%;height:auto;}
    </style>
    <div id="wrap">
        <img src="./img/golden1.jpg" alt="폰테크 1등 골든 모바일">
        <br><br>
        <a href="https://open.kakao.com/o/sUlUnkYe"><img src="./img/golden2.jpg" alt="골든모바일 카카오톡 바로가기"></a>
    </div>
</body>
</html>